Resource Utilization by Entity report for vexrisc_full
Fri Jan 22 16:53:12 2021
Quartus Prime Version 20.3.0 Build 158 09/24/2020 SC Pro Edition


---------------------
; Table of Contents ;
---------------------
  1. Legal Notice
  2. Fitter Resource Utilization by Entity



----------------
; Legal Notice ;
----------------
Copyright (C) 2020  Intel Corporation. All rights reserved.
Your use of Intel Corporation's design tools, logic functions 
and other software and tools, and any partner logic 
functions, and any output files from any of the foregoing 
(including device programming or simulation files), and any 
associated documentation or information are expressly subject 
to the terms and conditions of the Intel Program License 
Subscription Agreement, the Intel Quartus Prime License Agreement,
the Intel FPGA IP License Agreement, or other applicable license
agreement, including, without limitation, that your use is for
the sole purpose of programming logic devices manufactured by
Intel and sold by Intel or its authorized distributors.  Please
refer to the applicable agreement for further details, at
https://fpgasoftware.intel.com/eula.



+-----------------------------------------------------------------------------------------------------------------------------------------------------------------------------------------------------------------------------------------------------------------------------------------------------------------------------------------------------------------------------------------------------------------------------------------------------------------+
; Fitter Resource Utilization by Entity                                                                                                                                                                                                                                                                                                                                                                                                                           ;
+------------------------------------+----------------------+----------------------------------+---------------------------------------------------+----------------------------------+----------------------+---------------------+---------------------------+---------------+-------------------+-------+------------+------+--------+-------------------------------------------------------------------------------+--------------------------+--------------+
; Compilation Hierarchy Node         ; ALMs needed [=A-B+C] ; [A] ALMs used in final placement ; [B] Estimate of ALMs recoverable by dense packing ; [C] Estimate of ALMs unavailable ; ALMs used for memory ; Combinational ALUTs ; Dedicated Logic Registers ; I/O Registers ; Block Memory Bits ; M20Ks ; DSP Blocks ; Pins ; IOPLLs ; Full Hierarchy Name                                                           ; Entity Name              ; Library Name ;
+------------------------------------+----------------------+----------------------------------+---------------------------------------------------+----------------------------------+----------------------+---------------------+---------------------------+---------------+-------------------+-------+------------+------+--------+-------------------------------------------------------------------------------+--------------------------+--------------+
; |                                  ; 1671.6 (1474.2)      ; 1752.5 (1529.6)                  ; 222.0 (194.5)                                     ; 141.1 (139.1)                    ; 0.0 (0.0)            ; 2265 (1950)         ; 2519 (2165)               ; 0 (0)         ; 75264             ; 11    ; 4          ; 0    ; 0 (0)  ; |                                                                             ; vexrisc_full             ; altera_work  ;
;    |IBusCachedPlugin_cache|        ; 53.5 (53.5)          ; 63.4 (63.4)                      ; 10.5 (10.5)                                       ; 0.6 (0.6)                        ; 0.0 (0.0)            ; 75 (75)             ; 173 (173)                 ; 0 (0)         ; 35584             ; 3     ; 0          ; 0    ; 0 (0)  ; IBusCachedPlugin_cache                                                        ; InstructionCache         ; altera_work  ;
;       |ways_0_datas_rtl_0|         ; 0.0 (0.0)            ; 0.0 (0.0)                        ; 0.0 (0.0)                                         ; 0.0 (0.0)                        ; 0.0 (0.0)            ; 0 (0)               ; 0 (0)                     ; 0 (0)         ; 32768             ; 2     ; 0          ; 0    ; 0 (0)  ; IBusCachedPlugin_cache|ways_0_datas_rtl_0                                     ; altera_syncram           ; work         ;
;          |auto_generated|          ; 0.0 (0.0)            ; 0.0 (0.0)                        ; 0.0 (0.0)                                         ; 0.0 (0.0)                        ; 0.0 (0.0)            ; 0 (0)               ; 0 (0)                     ; 0 (0)         ; 32768             ; 2     ; 0          ; 0    ; 0 (0)  ; IBusCachedPlugin_cache|ways_0_datas_rtl_0|auto_generated                      ; altera_syncram_10n1      ; work         ;
;             |altera_syncram_impl1| ; 0.0 (0.0)            ; 0.0 (0.0)                        ; 0.0 (0.0)                                         ; 0.0 (0.0)                        ; 0.0 (0.0)            ; 0 (0)               ; 0 (0)                     ; 0 (0)         ; 32768             ; 2     ; 0          ; 0    ; 0 (0)  ; IBusCachedPlugin_cache|ways_0_datas_rtl_0|auto_generated|altera_syncram_impl1 ; altera_syncram_impl_2pd4 ; altera_work  ;
;       |ways_0_tags_rtl_0|          ; 0.0 (0.0)            ; 0.0 (0.0)                        ; 0.0 (0.0)                                         ; 0.0 (0.0)                        ; 0.0 (0.0)            ; 0 (0)               ; 0 (0)                     ; 0 (0)         ; 2816              ; 1     ; 0          ; 0    ; 0 (0)  ; IBusCachedPlugin_cache|ways_0_tags_rtl_0                                      ; altera_syncram           ; work         ;
;          |auto_generated|          ; 0.0 (0.0)            ; 0.0 (0.0)                        ; 0.0 (0.0)                                         ; 0.0 (0.0)                        ; 0.0 (0.0)            ; 0 (0)               ; 0 (0)                     ; 0 (0)         ; 2816              ; 1     ; 0          ; 0    ; 0 (0)  ; IBusCachedPlugin_cache|ways_0_tags_rtl_0|auto_generated                       ; altera_syncram_jqm1      ; work         ;
;             |altera_syncram_impl1| ; 0.0 (0.0)            ; 0.0 (0.0)                        ; 0.0 (0.0)                                         ; 0.0 (0.0)                        ; 0.0 (0.0)            ; 0 (0)               ; 0 (0)                     ; 0 (0)         ; 2816              ; 1     ; 0          ; 0    ; 0 (0)  ; IBusCachedPlugin_cache|ways_0_tags_rtl_0|auto_generated|altera_syncram_impl1  ; altera_syncram_impl_kjd4 ; altera_work  ;
;    |RegFilePlugin_regFile_rtl_0|   ; 0.0 (0.0)            ; 0.0 (0.0)                        ; 0.0 (0.0)                                         ; 0.0 (0.0)                        ; 0.0 (0.0)            ; 0 (0)               ; 0 (0)                     ; 0 (0)         ; 1024              ; 1     ; 0          ; 0    ; 0 (0)  ; RegFilePlugin_regFile_rtl_0                                                   ; altera_syncram           ; work         ;
;       |auto_generated|             ; 0.0 (0.0)            ; 0.0 (0.0)                        ; 0.0 (0.0)                                         ; 0.0 (0.0)                        ; 0.0 (0.0)            ; 0 (0)               ; 0 (0)                     ; 0 (0)         ; 1024              ; 1     ; 0          ; 0    ; 0 (0)  ; RegFilePlugin_regFile_rtl_0|auto_generated                                    ; altera_syncram_9qj1      ; work         ;
;          |altera_syncram_impl1|    ; 0.0 (0.0)            ; 0.0 (0.0)                        ; 0.0 (0.0)                                         ; 0.0 (0.0)                        ; 0.0 (0.0)            ; 0 (0)               ; 0 (0)                     ; 0 (0)         ; 1024              ; 1     ; 0          ; 0    ; 0 (0)  ; RegFilePlugin_regFile_rtl_0|auto_generated|altera_syncram_impl1               ; altera_syncram_impl_aja4 ; altera_work  ;
;    |RegFilePlugin_regFile_rtl_1|   ; 0.0 (0.0)            ; 0.0 (0.0)                        ; 0.0 (0.0)                                         ; 0.0 (0.0)                        ; 0.0 (0.0)            ; 0 (0)               ; 1 (0)                     ; 0 (0)         ; 1024              ; 1     ; 0          ; 0    ; 0 (0)  ; RegFilePlugin_regFile_rtl_1                                                   ; altera_syncram           ; work         ;
;       |auto_generated|             ; 0.0 (0.0)            ; 0.0 (0.0)                        ; 0.0 (0.0)                                         ; 0.0 (0.0)                        ; 0.0 (0.0)            ; 0 (0)               ; 1 (0)                     ; 0 (0)         ; 1024              ; 1     ; 0          ; 0    ; 0 (0)  ; RegFilePlugin_regFile_rtl_1|auto_generated                                    ; altera_syncram_9qj1      ; work         ;
;          |altera_syncram_impl1|    ; 0.0 (0.0)            ; 0.0 (0.0)                        ; 0.0 (0.0)                                         ; 0.0 (0.0)                        ; 0.0 (0.0)            ; 0 (0)               ; 1 (1)                     ; 0 (0)         ; 1024              ; 1     ; 0          ; 0    ; 0 (0)  ; RegFilePlugin_regFile_rtl_1|auto_generated|altera_syncram_impl1               ; altera_syncram_impl_aja4 ; altera_work  ;
;    |_zz_74__rtl_0|                 ; 0.0 (0.0)            ; 0.0 (0.0)                        ; 0.0 (0.0)                                         ; 0.0 (0.0)                        ; 0.0 (0.0)            ; 0 (0)               ; 0 (0)                     ; 0 (0)         ; 2048              ; 1     ; 0          ; 0    ; 0 (0)  ; _zz_74__rtl_0                                                                 ; altera_syncram           ; work         ;
;       |auto_generated|             ; 0.0 (0.0)            ; 0.0 (0.0)                        ; 0.0 (0.0)                                         ; 0.0 (0.0)                        ; 0.0 (0.0)            ; 0 (0)               ; 0 (0)                     ; 0 (0)         ; 2048              ; 1     ; 0          ; 0    ; 0 (0)  ; _zz_74__rtl_0|auto_generated                                                  ; altera_syncram_rsm1      ; work         ;
;          |altera_syncram_impl1|    ; 0.0 (0.0)            ; 0.0 (0.0)                        ; 0.0 (0.0)                                         ; 0.0 (0.0)                        ; 0.0 (0.0)            ; 0 (0)               ; 0 (0)                     ; 0 (0)         ; 2048              ; 1     ; 0          ; 0    ; 0 (0)  ; _zz_74__rtl_0|auto_generated|altera_syncram_impl1                             ; altera_syncram_impl_sld4 ; altera_work  ;
;    |dataCache_1_|                  ; 143.8 (143.8)        ; 159.5 (159.5)                    ; 17.1 (17.1)                                       ; 1.4 (1.4)                        ; 0.0 (0.0)            ; 240 (240)           ; 180 (180)                 ; 0 (0)         ; 35584             ; 5     ; 0          ; 0    ; 0 (0)  ; dataCache_1_                                                                  ; DataCache                ; altera_work  ;
;       |ways_0_data_symbol0_rtl_0|  ; 0.0 (0.0)            ; 0.0 (0.0)                        ; 0.0 (0.0)                                         ; 0.0 (0.0)                        ; 0.0 (0.0)            ; 0 (0)               ; 0 (0)                     ; 0 (0)         ; 8192              ; 1     ; 0          ; 0    ; 0 (0)  ; dataCache_1_|ways_0_data_symbol0_rtl_0                                        ; altera_syncram           ; work         ;
;          |auto_generated|          ; 0.0 (0.0)            ; 0.0 (0.0)                        ; 0.0 (0.0)                                         ; 0.0 (0.0)                        ; 0.0 (0.0)            ; 0 (0)               ; 0 (0)                     ; 0 (0)         ; 8192              ; 1     ; 0          ; 0    ; 0 (0)  ; dataCache_1_|ways_0_data_symbol0_rtl_0|auto_generated                         ; altera_syncram_7tm1      ; work         ;
;             |altera_syncram_impl1| ; 0.0 (0.0)            ; 0.0 (0.0)                        ; 0.0 (0.0)                                         ; 0.0 (0.0)                        ; 0.0 (0.0)            ; 0 (0)               ; 0 (0)                     ; 0 (0)         ; 8192              ; 1     ; 0          ; 0    ; 0 (0)  ; dataCache_1_|ways_0_data_symbol0_rtl_0|auto_generated|altera_syncram_impl1    ; altera_syncram_impl_8md4 ; altera_work  ;
;       |ways_0_data_symbol1_rtl_0|  ; 0.0 (0.0)            ; 0.0 (0.0)                        ; 0.0 (0.0)                                         ; 0.0 (0.0)                        ; 0.0 (0.0)            ; 0 (0)               ; 0 (0)                     ; 0 (0)         ; 8192              ; 1     ; 0          ; 0    ; 0 (0)  ; dataCache_1_|ways_0_data_symbol1_rtl_0                                        ; altera_syncram           ; work         ;
;          |auto_generated|          ; 0.0 (0.0)            ; 0.0 (0.0)                        ; 0.0 (0.0)                                         ; 0.0 (0.0)                        ; 0.0 (0.0)            ; 0 (0)               ; 0 (0)                     ; 0 (0)         ; 8192              ; 1     ; 0          ; 0    ; 0 (0)  ; dataCache_1_|ways_0_data_symbol1_rtl_0|auto_generated                         ; altera_syncram_7tm1      ; work         ;
;             |altera_syncram_impl1| ; 0.0 (0.0)            ; 0.0 (0.0)                        ; 0.0 (0.0)                                         ; 0.0 (0.0)                        ; 0.0 (0.0)            ; 0 (0)               ; 0 (0)                     ; 0 (0)         ; 8192              ; 1     ; 0          ; 0    ; 0 (0)  ; dataCache_1_|ways_0_data_symbol1_rtl_0|auto_generated|altera_syncram_impl1    ; altera_syncram_impl_8md4 ; altera_work  ;
;       |ways_0_data_symbol2_rtl_0|  ; 0.0 (0.0)            ; 0.0 (0.0)                        ; 0.0 (0.0)                                         ; 0.0 (0.0)                        ; 0.0 (0.0)            ; 0 (0)               ; 0 (0)                     ; 0 (0)         ; 8192              ; 1     ; 0          ; 0    ; 0 (0)  ; dataCache_1_|ways_0_data_symbol2_rtl_0                                        ; altera_syncram           ; work         ;
;          |auto_generated|          ; 0.0 (0.0)            ; 0.0 (0.0)                        ; 0.0 (0.0)                                         ; 0.0 (0.0)                        ; 0.0 (0.0)            ; 0 (0)               ; 0 (0)                     ; 0 (0)         ; 8192              ; 1     ; 0          ; 0    ; 0 (0)  ; dataCache_1_|ways_0_data_symbol2_rtl_0|auto_generated                         ; altera_syncram_7tm1      ; work         ;
;             |altera_syncram_impl1| ; 0.0 (0.0)            ; 0.0 (0.0)                        ; 0.0 (0.0)                                         ; 0.0 (0.0)                        ; 0.0 (0.0)            ; 0 (0)               ; 0 (0)                     ; 0 (0)         ; 8192              ; 1     ; 0          ; 0    ; 0 (0)  ; dataCache_1_|ways_0_data_symbol2_rtl_0|auto_generated|altera_syncram_impl1    ; altera_syncram_impl_8md4 ; altera_work  ;
;       |ways_0_data_symbol3_rtl_0|  ; 0.0 (0.0)            ; 0.0 (0.0)                        ; 0.0 (0.0)                                         ; 0.0 (0.0)                        ; 0.0 (0.0)            ; 0 (0)               ; 0 (0)                     ; 0 (0)         ; 8192              ; 1     ; 0          ; 0    ; 0 (0)  ; dataCache_1_|ways_0_data_symbol3_rtl_0                                        ; altera_syncram           ; work         ;
;          |auto_generated|          ; 0.0 (0.0)            ; 0.0 (0.0)                        ; 0.0 (0.0)                                         ; 0.0 (0.0)                        ; 0.0 (0.0)            ; 0 (0)               ; 0 (0)                     ; 0 (0)         ; 8192              ; 1     ; 0          ; 0    ; 0 (0)  ; dataCache_1_|ways_0_data_symbol3_rtl_0|auto_generated                         ; altera_syncram_7tm1      ; work         ;
;             |altera_syncram_impl1| ; 0.0 (0.0)            ; 0.0 (0.0)                        ; 0.0 (0.0)                                         ; 0.0 (0.0)                        ; 0.0 (0.0)            ; 0 (0)               ; 0 (0)                     ; 0 (0)         ; 8192              ; 1     ; 0          ; 0    ; 0 (0)  ; dataCache_1_|ways_0_data_symbol3_rtl_0|auto_generated|altera_syncram_impl1    ; altera_syncram_impl_8md4 ; altera_work  ;
;       |ways_0_tags_rtl_0|          ; 0.0 (0.0)            ; 0.0 (0.0)                        ; 0.0 (0.0)                                         ; 0.0 (0.0)                        ; 0.0 (0.0)            ; 0 (0)               ; 0 (0)                     ; 0 (0)         ; 2816              ; 1     ; 0          ; 0    ; 0 (0)  ; dataCache_1_|ways_0_tags_rtl_0                                                ; altera_syncram           ; work         ;
;          |auto_generated|          ; 0.0 (0.0)            ; 0.0 (0.0)                        ; 0.0 (0.0)                                         ; 0.0 (0.0)                        ; 0.0 (0.0)            ; 0 (0)               ; 0 (0)                     ; 0 (0)         ; 2816              ; 1     ; 0          ; 0    ; 0 (0)  ; dataCache_1_|ways_0_tags_rtl_0|auto_generated                                 ; altera_syncram_jqm1      ; work         ;
;             |altera_syncram_impl1| ; 0.0 (0.0)            ; 0.0 (0.0)                        ; 0.0 (0.0)                                         ; 0.0 (0.0)                        ; 0.0 (0.0)            ; 0 (0)               ; 0 (0)                     ; 0 (0)         ; 2816              ; 1     ; 0          ; 0    ; 0 (0)  ; dataCache_1_|ways_0_tags_rtl_0|auto_generated|altera_syncram_impl1            ; altera_syncram_impl_kjd4 ; altera_work  ;
+------------------------------------+----------------------+----------------------------------+---------------------------------------------------+----------------------------------+----------------------+---------------------+---------------------------+---------------+-------------------+-------+------------+------+--------+-------------------------------------------------------------------------------+--------------------------+--------------+
Note: For table entries with two numbers listed, the numbers in parentheses indicate the number of resources of the given type used by the specific entity alone. The numbers listed outside of parentheses indicate the total resources of the given type used by the specific entity and all of its sub-entities in the hierarchy.


