Fitter Route Stage Report for vexrisc_full
Fri Feb 26 12:45:30 2021
Quartus Prime Version 20.3.0 Build 158 09/24/2020 SC Pro Edition


---------------------
; Table of Contents ;
---------------------
  1. Legal Notice
  2. Routing Usage Summary
  3. Route Messages
  4. Global Router Wire Utilization Map
  5. Peak Wire Demand Summary
  6. Peak Wire Demand Details
  7. Peak Total Grid Crossings



----------------
; Legal Notice ;
----------------
Copyright (C) 2020  Intel Corporation. All rights reserved.
Your use of Intel Corporation's design tools, logic functions 
and other software and tools, and any partner logic 
functions, and any output files from any of the foregoing 
(including device programming or simulation files), and any 
associated documentation or information are expressly subject 
to the terms and conditions of the Intel Program License 
Subscription Agreement, the Intel Quartus Prime License Agreement,
the Intel FPGA IP License Agreement, or other applicable license
agreement, including, without limitation, that your use is for
the sole purpose of programming logic devices manufactured by
Intel and sold by Intel or its authorized distributors.  Please
refer to the applicable agreement for further details, at
https://fpgasoftware.intel.com/eula.



+-----------------------------------------------------------+
; Routing Usage Summary                                     ;
+----------------------------+------------------------------+
; Routing Resource Type      ; Usage                        ;
+----------------------------+------------------------------+
; Block Input Mux Wrapbacks  ; 5 / 516,600 ( < 1 % )        ;
; Block Input Muxes          ; 12,127 / 5,658,000 ( < 1 % ) ;
; Block interconnects        ; 9,326 / 6,625,600 ( < 1 % )  ;
; C1 interconnects           ; 4,733 / 2,769,200 ( < 1 % )  ;
; C4 interconnects           ; 1,539 / 2,640,400 ( < 1 % )  ;
; C8 interconnects           ; 12 / 264,040 ( < 1 % )       ;
; DCM_muxes                  ; 0 / 824 ( 0 % )              ;
; DELAY_CHAINs               ; 0 / 17,290 ( 0 % )           ;
; Direct links               ; 1,116 / 6,625,600 ( < 1 % )  ;
; HIO Buffers                ; 0 / 45,920 ( 0 % )           ;
; Programmable Invert Inputs ; 244 / 513,810 ( < 1 % )      ;
; Programmable Inverts       ; 244 / 513,810 ( < 1 % )      ;
; R0 interconnects           ; 5,650 / 4,620,700 ( < 1 % )  ;
; R1 interconnects           ; 3,635 / 2,640,400 ( < 1 % )  ;
; R12 interconnects          ; 34 / 396,060 ( < 1 % )       ;
; R2 interconnects           ; 1,630 / 1,324,300 ( < 1 % )  ;
; R4 interconnects           ; 1,244 / 1,332,500 ( < 1 % )  ;
; R6 interconnects           ; 1,120 / 1,336,600 ( < 1 % )  ;
; Redundancy Muxes           ; 1 / 90,920 ( < 1 % )         ;
; Row Clock Tap-Offs         ; 198 / 396,060 ( < 1 % )      ;
; Switchbox_clock_muxes      ; 3 / 13,440 ( < 1 % )         ;
; VIO Buffers                ; 0 / 19,200 ( 0 % )           ;
; Vertical_seam_tap_muxes    ; 2 / 6,720 ( < 1 % )          ;
+----------------------------+------------------------------+


+----------------+
; Route Messages ;
+----------------+
Info (20030): Parallel compilation is enabled and will use 4 of the 4 processors detected
Info: *******************************************************************
Info: Running Quartus Prime Fitter
    Info: Version 20.3.0 Build 158 09/24/2020 SC Pro Edition
    Info: Processing started: Fri Feb 26 12:39:07 2021
    Info: System process ID: 17994
Info: Command: quartus_fit --read_settings_files=on --write_settings_files=off vexrisc_full -c vexrisc_full --plan --place --route --retime --finalize
Info: qfit2_default_script.tcl version: #1
Info: Project  = vexrisc_full
Info: Revision = vexrisc_full
Info (170193): Fitter routing operations beginning
Info (20215): Router estimated peak short interconnect demand : 10% of down directional wire in region X156_Y96 to X167_Y103
    Info (20265): Estimated peak short right directional wire demand : 0% in region X0_Y0 to X11_Y7
    Info (20265): Estimated peak short left directional wire demand : 0% in region X156_Y96 to X167_Y103
    Info (20265): Estimated peak short up directional wire demand : 5% in region X156_Y96 to X167_Y103
    Info (20265): Estimated peak short down directional wire demand : 10% in region X156_Y96 to X167_Y103
Info (20215): Router estimated peak long high speed interconnect demand : 85% of down directional wire in region X156_Y96 to X167_Y103
    Info (20265): Estimated peak long high speed right directional wire demand : 77% in region X156_Y96 to X167_Y103
    Info (20265): Estimated peak long high speed left directional wire demand : 70% in region X156_Y96 to X167_Y103
    Info (20265): Estimated peak long high speed up directional wire demand : 83% in region X144_Y96 to X155_Y103
    Info (20265): Estimated peak long high speed down directional wire demand : 85% in region X156_Y96 to X167_Y103
    Info (20315): Note that the router may use short wires to implement long connections at higher delay
Info (170239): Router is attempting to preserve 0.03 percent of routes from an earlier compilation, a user specified Routing Constraints File, or internal routing requirements.
Info (11888): Total time spent on timing analysis during Routing is 0.49 seconds.
Warning (18291): Timing characteristics of device AGFA014R24A1I1V are preliminary
Info (16607): Fitter routing operations ending: elapsed time is 00:02:37


--------------------------------------
; Global Router Wire Utilization Map ;
--------------------------------------
This report is unavailable in plain text report export.


+-------------------------------------------------------------------------------+
; Peak Wire Demand Summary                                                      ;
+-----------------+-----------+-----------------------------------+-------------+
; Wire            ; Direction ; Grid [(Xmin, Ymin), (Xmax, Ymax)] ; Peak Demand ;
+-----------------+-----------+-----------------------------------+-------------+
; short           ; left      ; [(156, 96), (167, 103)]           ; 0.089 %     ;
; short           ; up        ; [(156, 96), (167, 103)]           ; 5.000 %     ;
; short           ; down      ; [(156, 96), (167, 103)]           ; 10.417 %    ;
; long high speed ; right     ; [(156, 96), (167, 103)]           ; 77.778 %    ;
; long high speed ; left      ; [(156, 96), (167, 103)]           ; 70.833 %    ;
; long high speed ; up        ; [(144, 96), (155, 103)]           ; 83.929 %    ;
; long high speed ; down      ; [(156, 96), (167, 103)]           ; 85.119 %    ;
+-----------------+-----------+-----------------------------------+-------------+


+---------------------------------------------------------------------------------------------------------------------------------+
; Peak Wire Demand Details                                                                                                        ;
+-----------------+-----------+-----------------------------------+-------------+-------------------------------------------------+
; Wire            ; Direction ; Grid [(Xmin, Ymin), (Xmax, Ymax)] ; Peak Demand ; Net Names                                       ;
+-----------------+-----------+-----------------------------------+-------------+-------------------------------------------------+
; short           ; left      ; [(156, 96), (167, 103)]           ; 0.089 %     ;    High Routing Fan-Out                         ;
;     --          ;           ;                                   ;             ; reset                                           ;
; short           ; left      ; [(156, 96), (167, 103)]           ; 0.089 %     ;    Long Distance                                ;
;     --          ;           ;                                   ;             ; reset                                           ;
; short           ; up        ; [(156, 96), (167, 103)]           ; 5.000 %     ;    High Routing Fan-Out                         ;
;     --          ;           ;                                   ;             ; Mux_1843~2                                      ;
;     --          ;           ;                                   ;             ; Mux_1839~2                                      ;
;     --          ;           ;                                   ;             ; dataCache_1_|io_mem_cmd_payload_length[2]~0xsyn ;
;     --          ;           ;                                   ;             ; decode_to_execute_INSTRUCTION[29]               ;
;     --          ;           ;                                   ;             ; decode_to_execute_INSTRUCTION[30]               ;
;     --          ;           ;                                   ;             ; decode_to_execute_PC[9]                         ;
;     --          ;           ;                                   ;             ; decode_to_execute_PC[6]                         ;
;     --          ;           ;                                   ;             ; decode_to_execute_INSTRUCTION[26]               ;
;     --          ;           ;                                   ;             ; decode_to_execute_PC[12]                        ;
;     --          ;           ;                                   ;             ; decode_to_execute_PC[16]                        ;
; short           ; up        ; [(156, 96), (167, 103)]           ; 5.000 %     ;    Long Distance                                ;
;     --          ;           ;                                   ;             ; dataCache_1_|io_mem_cmd_payload_address[14]~12  ;
;     --          ;           ;                                   ;             ; decode_to_execute_PC[19]                        ;
;     --          ;           ;                                   ;             ; execute_to_memory_BRANCH_CALC[28]               ;
;     --          ;           ;                                   ;             ; execute_to_memory_BRANCH_CALC[24]               ;
;     --          ;           ;                                   ;             ; execute_to_memory_BRANCH_CALC[22]               ;
;     --          ;           ;                                   ;             ; dataCache_1_|io_mem_cmd_payload_address[5]~7    ;
;     --          ;           ;                                   ;             ; dataCache_1_|io_mem_cmd_payload_address[21]~19  ;
;     --          ;           ;                                   ;             ; dataCache_1_|io_mem_cmd_payload_address[30]~28  ;
;     --          ;           ;                                   ;             ; DebugPlugin_busReadDataReg[4]                   ;
;     --          ;           ;                                   ;             ; debug_bus_cmd_payload_data[26]                  ;
; short           ; down      ; [(156, 96), (167, 103)]           ; 10.417 %    ;    High Routing Fan-Out                         ;
;     --          ;           ;                                   ;             ; reset                                           ;
;     --          ;           ;                                   ;             ; Mux_1900~26xsyn                                 ;
;     --          ;           ;                                   ;             ; Mux_1900~28xsyn                                 ;
;     --          ;           ;                                   ;             ; Mux_1900~25xsyn                                 ;
;     --          ;           ;                                   ;             ; reduce_nor_92                                   ;
;     --          ;           ;                                   ;             ; execute_to_memory_REGFILE_WRITE_DATA[21]        ;
;     --          ;           ;                                   ;             ; MmuPlugin_shared_vpn_0[4]                       ;
;     --          ;           ;                                   ;             ; MmuPlugin_shared_vpn_0[8]                       ;
;     --          ;           ;                                   ;             ; MmuPlugin_shared_vpn_0[6]                       ;
;     --          ;           ;                                   ;             ; MmuPlugin_shared_vpn_0[7]                       ;
; short           ; down      ; [(156, 96), (167, 103)]           ; 10.417 %    ;    Long Distance                                ;
;     --          ;           ;                                   ;             ; Mux_1900~26xsyn                                 ;
;     --          ;           ;                                   ;             ; dataCache_1_|stageB_request_data[8]             ;
;     --          ;           ;                                   ;             ; dBus_rsp_payload_data[12]                       ;
;     --          ;           ;                                   ;             ; MmuPlugin_shared_vpn_1[3]                       ;
;     --          ;           ;                                   ;             ; MmuPlugin_shared_vpn_1[2]                       ;
;     --          ;           ;                                   ;             ; MmuPlugin_shared_vpn_1[4]                       ;
;     --          ;           ;                                   ;             ; MmuPlugin_shared_vpn_1[5]                       ;
;     --          ;           ;                                   ;             ; MmuPlugin_shared_vpn_0[5]                       ;
;     --          ;           ;                                   ;             ; MmuPlugin_shared_vpn_0[8]                       ;
;     --          ;           ;                                   ;             ; Mux_1900~28xsyn                                 ;
; long high speed ; right     ; [(156, 96), (167, 103)]           ; 77.778 %    ;    High Routing Fan-Out                         ;
;     --          ;           ;                                   ;             ; memory_arbitration_isStuck~0                    ;
;     --          ;           ;                                   ;             ; decode_to_execute_SRC1_CTRL[1]                  ;
;     --          ;           ;                                   ;             ; dataCache_1_|io_cpu_writeBack_haltIt~2xsyn      ;
;     --          ;           ;                                   ;             ; i8957                                           ;
;     --          ;           ;                                   ;             ; _zz_185_[2]~0                                   ;
;     --          ;           ;                                   ;             ; decode_to_execute_SRC1_CTRL[0]                  ;
;     --          ;           ;                                   ;             ; decode_to_execute_SRC2_FORCE_ZERO               ;
;     --          ;           ;                                   ;             ; dataCache_1_|_zz_15_                            ;
;     --          ;           ;                                   ;             ; decode_RS1[0]~5                                 ;
;     --          ;           ;                                   ;             ; decode_RS2[0]~7xsyn                             ;
; long high speed ; right     ; [(156, 96), (167, 103)]           ; 77.778 %    ;    Long Distance                                ;
;     --          ;           ;                                   ;             ; memory_DivPlugin_div_result[31]~1               ;
;     --          ;           ;                                   ;             ; _zz_233_                                        ;
;     --          ;           ;                                   ;             ; i16606~1                                        ;
;     --          ;           ;                                   ;             ; memory_arbitration_isStuck~0                    ;
;     --          ;           ;                                   ;             ; decode_to_execute_PC[19]                        ;
;     --          ;           ;                                   ;             ; execute_to_memory_REGFILE_WRITE_DATA[18]        ;
;     --          ;           ;                                   ;             ; execute_to_memory_REGFILE_WRITE_DATA[14]        ;
;     --          ;           ;                                   ;             ; execute_to_memory_REGFILE_WRITE_DATA[16]        ;
;     --          ;           ;                                   ;             ; execute_to_memory_REGFILE_WRITE_DATA[15]        ;
;     --          ;           ;                                   ;             ; execute_to_memory_REGFILE_WRITE_DATA[17]        ;
; long high speed ; left      ; [(156, 96), (167, 103)]           ; 70.833 %    ;    High Routing Fan-Out                         ;
;     --          ;           ;                                   ;             ; decode_to_execute_INSTRUCTION[12]               ;
;     --          ;           ;                                   ;             ; dataCache_1_|io_cpu_writeBack_haltIt~2xsyn      ;
;     --          ;           ;                                   ;             ; decode_to_execute_INSTRUCTION[13]               ;
;     --          ;           ;                                   ;             ; _zz_185_[2]~0                                   ;
;     --          ;           ;                                   ;             ; execute_arbitration_isStuck~1                   ;
;     --          ;           ;                                   ;             ; _zz_103_[1]~2xsyn                               ;
;     --          ;           ;                                   ;             ; i17957~0                                        ;
;     --          ;           ;                                   ;             ; memory_to_writeBack_MEMORY_ADDRESS_LOW[0]       ;
;     --          ;           ;                                   ;             ; MmuPlugin_ports_0_cacheHits_5~2xsyn             ;
;     --          ;           ;                                   ;             ; dataCache_1_|io_cpu_writeBack_data[10]~22       ;
; long high speed ; left      ; [(156, 96), (167, 103)]           ; 70.833 %    ;    Long Distance                                ;
;     --          ;           ;                                   ;             ; execute_to_memory_PC[7]                         ;
;     --          ;           ;                                   ;             ; decode_to_execute_INSTRUCTION[13]               ;
;     --          ;           ;                                   ;             ; decode_to_execute_INSTRUCTION[12]               ;
;     --          ;           ;                                   ;             ; memory_to_writeBack_REGFILE_WRITE_DATA[3]       ;
;     --          ;           ;                                   ;             ; memory_to_writeBack_PC[31]                      ;
;     --          ;           ;                                   ;             ; memory_to_writeBack_REGFILE_WRITE_DATA[17]      ;
;     --          ;           ;                                   ;             ; DebugPlugin_busReadDataReg[1]                   ;
;     --          ;           ;                                   ;             ; DebugPlugin_busReadDataReg[2]                   ;
;     --          ;           ;                                   ;             ; memory_to_writeBack_REGFILE_WRITE_DATA[18]      ;
;     --          ;           ;                                   ;             ; MmuPlugin_satp_mode~0                           ;
; long high speed ; up        ; [(144, 96), (155, 103)]           ; 83.929 %    ;    High Routing Fan-Out                         ;
;     --          ;           ;                                   ;             ; memory_arbitration_isStuck~0                    ;
;     --          ;           ;                                   ;             ; decode_to_execute_INSTRUCTION[13]               ;
;     --          ;           ;                                   ;             ; IBusCachedPlugin_fetchPc_output_payload[2]~13   ;
;     --          ;           ;                                   ;             ; IBusCachedPlugin_fetchPc_output_payload[2]~17   ;
;     --          ;           ;                                   ;             ; execute_arbitration_isStuck~1                   ;
;     --          ;           ;                                   ;             ; MmuPlugin_shared_state_1_.011                   ;
;     --          ;           ;                                   ;             ; IBusCachedPlugin_fetchPc_output_payload[2]~7    ;
;     --          ;           ;                                   ;             ; IBusCachedPlugin_fetchPc_output_payload[2]~9    ;
;     --          ;           ;                                   ;             ; IBusCachedPlugin_fetchPc_output_payload[2]~5    ;
;     --          ;           ;                                   ;             ; i17957~0                                        ;
; long high speed ; up        ; [(144, 96), (155, 103)]           ; 83.929 %    ;    Long Distance                                ;
;     --          ;           ;                                   ;             ; execute_to_memory_PC[7]                         ;
;     --          ;           ;                                   ;             ; decode_to_execute_INSTRUCTION[13]               ;
;     --          ;           ;                                   ;             ; DebugPlugin_busReadDataReg[1]                   ;
;     --          ;           ;                                   ;             ; DebugPlugin_busReadDataReg[2]                   ;
;     --          ;           ;                                   ;             ; memory_to_writeBack_REGFILE_WRITE_DATA[17]      ;
;     --          ;           ;                                   ;             ; memory_arbitration_isStuck~0                    ;
;     --          ;           ;                                   ;             ; memory_to_writeBack_REGFILE_WRITE_DATA[18]      ;
;     --          ;           ;                                   ;             ; memory_to_writeBack_REGFILE_WRITE_DATA[3]       ;
;     --          ;           ;                                   ;             ; memory_to_writeBack_PC[31]                      ;
;     --          ;           ;                                   ;             ; execute_to_memory_PC[2]                         ;
; long high speed ; down      ; [(156, 96), (167, 103)]           ; 85.119 %    ;    High Routing Fan-Out                         ;
;     --          ;           ;                                   ;             ; memory_arbitration_isStuck~0                    ;
;     --          ;           ;                                   ;             ; dataCache_1_|io_cpu_writeBack_haltIt~2xsyn      ;
;     --          ;           ;                                   ;             ; _zz_103_[1]~2xsyn                               ;
;     --          ;           ;                                   ;             ; Mux_1901~0                                      ;
;     --          ;           ;                                   ;             ; Mux_1902~0                                      ;
;     --          ;           ;                                   ;             ; _zz_34_[0]~1                                    ;
;     --          ;           ;                                   ;             ; _zz_34_[0]~0                                    ;
;     --          ;           ;                                   ;             ; MmuPlugin_ports_0_cacheHits_5~2xsyn             ;
;     --          ;           ;                                   ;             ; memory_to_writeBack_MEMORY_ADDRESS_LOW[0]       ;
;     --          ;           ;                                   ;             ; dataCache_1_|io_cpu_writeBack_data[10]~22       ;
; long high speed ; down      ; [(156, 96), (167, 103)]           ; 85.119 %    ;    Long Distance                                ;
;     --          ;           ;                                   ;             ; memory_arbitration_isStuck~0                    ;
;     --          ;           ;                                   ;             ; execute_to_memory_REGFILE_WRITE_DATA[17]        ;
;     --          ;           ;                                   ;             ; dataCache_1_|io_cpu_writeBack_haltIt~2xsyn      ;
;     --          ;           ;                                   ;             ; execute_to_memory_REGFILE_WRITE_DATA[16]        ;
;     --          ;           ;                                   ;             ; execute_to_memory_REGFILE_WRITE_DATA[14]        ;
;     --          ;           ;                                   ;             ; execute_to_memory_REGFILE_WRITE_DATA[13]        ;
;     --          ;           ;                                   ;             ; execute_to_memory_REGFILE_WRITE_DATA[15]        ;
;     --          ;           ;                                   ;             ; _zz_52_[0]~9                                    ;
;     --          ;           ;                                   ;             ; _zz_52_[0]~17                                   ;
;     --          ;           ;                                   ;             ; MmuPlugin_ports_0_cache_5_exception~0xsyn       ;
+-----------------+-----------+-----------------------------------+-------------+-------------------------------------------------+


+---------------------------------------------------------------------------------+
; Peak Total Grid Crossings                                                       ;
+----------------------------------------------------------+----------------------+
; Net Name                                                 ; Total Grid Crossings ;
+----------------------------------------------------------+----------------------+
; memory_arbitration_isStuck~0                             ; 7                    ;
; reset                                                    ; 6                    ;
; _zz_73_[27]                                              ; 5                    ;
; decode_to_execute_INSTRUCTION[12]                        ; 5                    ;
; dataCache_1_|io_cpu_writeBack_haltIt~2xsyn               ; 5                    ;
; i16847~1                                                 ; 4                    ;
; dataCache_1_|io_cpu_writeBack_data[20]~11                ; 4                    ;
; memory_to_writeBack_REGFILE_WRITE_DATA[26]               ; 4                    ;
; dataCache_1_|io_cpu_writeBack_data[10]~22                ; 4                    ;
; dataCache_1_|io_cpu_writeBack_data[20]~18                ; 4                    ;
; dataCache_1_|io_cpu_writeBack_data[20]~7                 ; 4                    ;
; execute_to_memory_REGFILE_WRITE_DATA[25]                 ; 4                    ;
; IBusCachedPlugin_cache|_zz_10_[25]                       ; 4                    ;
; _zz_73_[31]                                              ; 4                    ;
; _zz_73_[28]                                              ; 4                    ;
; _zz_73_[25]                                              ; 4                    ;
; _zz_73_[24]                                              ; 4                    ;
; _zz_73_[29]                                              ; 4                    ;
; _zz_73_[26]                                              ; 4                    ;
; execute_to_memory_REGFILE_WRITE_DATA[17]                 ; 4                    ;
; IBusCachedPlugin_cache|_zz_10_[12]                       ; 4                    ;
; execute_to_memory_REGFILE_WRITE_DATA[15]                 ; 4                    ;
; execute_to_memory_REGFILE_WRITE_DATA[13]                 ; 4                    ;
; execute_to_memory_REGFILE_WRITE_DATA[14]                 ; 4                    ;
; execute_to_memory_REGFILE_WRITE_DATA[16]                 ; 4                    ;
; execute_arbitration_isStuck~1                            ; 4                    ;
; decode_to_execute_INSTRUCTION[13]                        ; 4                    ;
; i17739                                                   ; 4                    ;
; execute_to_memory_PC[11]                                 ; 4                    ;
; execute_to_memory_PC[7]                                  ; 4                    ;
; memory_to_writeBack_PC[23]                               ; 3                    ;
; memory_to_writeBack_PC[24]                               ; 3                    ;
; memory_to_writeBack_PC[29]                               ; 3                    ;
; memory_to_writeBack_PC[26]                               ; 3                    ;
; memory_to_writeBack_PC[28]                               ; 3                    ;
; Mux_1841~2                                               ; 3                    ;
; memory_to_writeBack_PC[31]                               ; 3                    ;
; CsrPlugin_exceptionPortCtrl_exceptionContext_badAddr[23] ; 3                    ;
; Mux_1845~2                                               ; 3                    ;
; Mux_1843~2                                               ; 3                    ;
; Mux_1848~2                                               ; 3                    ;
; Mux_1847~2                                               ; 3                    ;
; Mux_1900~25xsyn                                          ; 3                    ;
; memory_to_writeBack_REGFILE_WRITE_DATA[3]                ; 3                    ;
; memory_to_writeBack_REGFILE_WRITE_DATA[18]               ; 3                    ;
; memory_to_writeBack_REGFILE_WRITE_DATA[17]               ; 3                    ;
; i16847~2                                                 ; 3                    ;
; i16847~4                                                 ; 3                    ;
; i17957~2                                                 ; 3                    ;
; i17957~0                                                 ; 3                    ;
+----------------------------------------------------------+----------------------+


